{
  "scope": "NumPy algebra and independently assembled collocation checks; no native PR or VMEX run",
  "max_closed_local_field_vs_8192_point_angular_integral_T": 6.01935493636796e-17,
  "max_compact_zero_gradient_vs_unreduced_potential_curl_T_per_m": 2.753212832414323e-16,
  "max_zero_hessian_vs_general_cubic_polynomial_T_per_m2": 7.105427357601002e-15,
  "max_external_hessian_permutation_error_T_per_m2": 2.3150392713944257e-10,
  "equilibria_checked": 8,
  "axisymmetric_field_formula_max_error_T": 2.710505431213761e-19,
  "toy_second_order_error_independent_of_cutoff": [
    1.16349596623877e-10,
    1.16349596623877e-10,
    1.163478202670376e-10
  ],
  "cubic_poisson_max_residual": 3.552713678800501e-15,
  "explicit_second_order_compatibility_max_abs_residual_per_m": 1.0716094678286936e-11
}
real 0.77
user 0.55
sys 0.09
exit 0
