{
  "scope": "Leading transverse Maxwell/field-line equilibrium for prescribed fractional parallel current. Not full MHD or kinetic validation.",
  "circle": {
    "Pbar": 0.15999999999999995,
    "iota_factor": 0.39999999999999986,
    "poisson_error": 0.0,
    "circulation_relative_error": 0.0,
    "homological_error": 8.326672684688674e-17,
    "geometry_rms_factor": 1.0421816044363848e-16,
    "iota_half_per_lambda_half": 0.40645350608786546
  },
  "ellipse": {
    "Pbar": 0.16000000000000003,
    "iota_factor": 0.4000000000000001,
    "poisson_error": 6.661338147750939e-16,
    "circulation_relative_error": 0.0,
    "homological_error": 8.326672684688674e-17,
    "geometry_rms_factor": 0.4221269475315129,
    "iota_half_per_lambda_half": 0.4064535060878657
  },
  "nonplanar_QS": {
    "Pbar": 0.16,
    "iota_factor": 0.4,
    "poisson_error": 8.881784197001252e-16,
    "circulation_relative_error": 3.5339496460705744e-16,
    "homological_error": 1.3877787807814457e-16,
    "geometry_rms_factor": 0.09007448595670535,
    "iota_half_per_lambda_half": 0.4064535060878656
  },
  "nonplanar_geometry": {
    "sigma_residual": 2.3485380307164405e-13,
    "eta_per_m": 0.95,
    "n_geometry": 201,
    "nfp": 2,
    "iotaN": 0.21252795338085742,
    "ell_m": 1.016133765219664,
    "definition": "R=1+0.09 cos(2 phi), Z=-0.09 sin(2 phi), etabar=0.95, B0=1, I2=0"
  },
  "resolution": {
    "coarse_iota_factor": 0.4,
    "fine_iota_factor": 0.4,
    "relative_change": 0.0
  },
  "direct_integration": {
    "ellipse": [
      {
        "epsilon": 0.002,
        "periods": 64,
        "rhs_evaluations": 8066,
        "measured_iota_factor": 0.3998504436559941,
        "predicted_iota_factor": 0.4000000000000001,
        "relative_factor_error": 0.000373890860014936,
        "corrected_action_range": 4.815530095847453e-06,
        "retained_Fourier_coefficients": 35
      },
      {
        "epsilon": 0.001,
        "periods": 64,
        "rhs_evaluations": 8066,
        "measured_iota_factor": 0.3999250013861644,
        "predicted_iota_factor": 0.4000000000000001,
        "relative_factor_error": 0.00018749653458927096,
        "corrected_action_range": 1.2062188706751797e-06,
        "retained_Fourier_coefficients": 35
      },
      {
        "epsilon": 0.0005,
        "periods": 64,
        "rhs_evaluations": 8066,
        "measured_iota_factor": 0.3999624254165113,
        "predicted_iota_factor": 0.4000000000000001,
        "relative_factor_error": 9.39364587220215e-05,
        "corrected_action_range": 3.018454411973792e-07,
        "retained_Fourier_coefficients": 35
      }
    ],
    "nonplanar_QS": [
      {
        "epsilon": 0.002,
        "periods": 64,
        "rhs_evaluations": 11642,
        "measured_iota_factor": 0.40002911064686286,
        "predicted_iota_factor": 0.4,
        "relative_factor_error": 7.277661715709982e-05,
        "corrected_action_range": 5.327268002286445e-07,
        "retained_Fourier_coefficients": 973
      },
      {
        "epsilon": 0.001,
        "periods": 64,
        "rhs_evaluations": 9842,
        "measured_iota_factor": 0.4000145421353962,
        "predicted_iota_factor": 0.4,
        "relative_factor_error": 3.635533849055683e-05,
        "corrected_action_range": 1.3345016275367882e-07,
        "retained_Fourier_coefficients": 973
      },
      {
        "epsilon": 0.0005,
        "periods": 64,
        "rhs_evaluations": 9434,
        "measured_iota_factor": 0.40000726807837284,
        "predicted_iota_factor": 0.4,
        "relative_factor_error": 1.8170195932087907e-05,
        "corrected_action_range": 3.334807113786198e-08,
        "retained_Fourier_coefficients": 973
      }
    ]
  }
}
real 3.60
user 2.87
sys 0.18
exit 0
